[2m14:51:56[22m [34m[types][39m Generated [2m93ms[22m
[2m14:51:56[22m [34m[build][39m output: [34m"static"[39m
[2m14:51:56[22m [34m[build][39m mode: [34m"server"[39m
[2m14:51:56[22m [34m[build][39m directory: [34mC:\Users\amits\SEOSites\paintingestimatepro\dist\[39m
[2m14:51:56[22m [34m[build][39m adapter: [32m@astrojs/vercel[39m
[2m14:51:56[22m [34m[build][39m Collecting build info...
[2m14:51:56[22m [34m[build][39m [32m✓ Completed in 319ms.[39m
[2m14:51:56[22m [34m[build][39m Building server entrypoints...
[2m14:51:56[22m [34m[vite][39m [32m✓ built in 550ms[39m
[2m14:51:57[22m [34m[vite][39m [32m✓ built in 149ms[39m
[2m14:51:58[22m [34m[vite][39m [32m✓ built in 1.40s[39m

[42m[30m prerendering static routes [39m[49m
[2m14:51:58[22m   [34m├─[39m [2m/app/index.html[22m [2m(+140ms)[22m 
[2m14:51:58[22m   [34m├─[39m [2m/free/estimate-template/index.html[22m [2m(+198ms)[22m 
[2m14:51:59[22m   [34m├─[39m [2m/free/interior-calculator/index.html[22m [2m(+45ms)[22m 
[2m14:51:59[22m   [34m├─[39m [2m/free/job-cost-calculator/index.html[22m [2m(+21ms)[22m 
[2m14:51:59[22m   [34m├─[39m [2m/index.html[22m [2m(+31ms)[22m 
[2m14:51:59[22m [32m✓ Completed in 657ms.
[39m
[2m14:51:59[22m [34m[build][39m Rearranging server assets...
[2m14:51:59[22m [34m[build][39m [32m✓ Completed in 3.03s.[39m
[2m14:51:59[22m [34m[@astrojs/vercel][39m Bundling function ..\..\server\entry.mjs
[2m14:52:02[22m [34m[build][39m Waiting for integration [1m"@astrojs/vercel"[22m, hook [1m"astro:build:done"[22m...
[2m14:52:21[22m [34m[@astrojs/sitemap][39m `sitemap-index.xml` created at `dist\client`
[2m14:52:21[22m [34m[@astrojs/vercel][39m Copying static files to .vercel/output/static
[2m14:52:21[22m [34m[build][39m Server built in [1m25.52s[22m
[2m14:52:21[22m [34m[build][39m [1mComplete![22m
