[2m02:11:19[22m [34m[types][39m Generated [2m86ms[22m
[2m02:11:19[22m [34m[build][39m output: [34m"static"[39m
[2m02:11:19[22m [34m[build][39m mode: [34m"server"[39m
[2m02:11:19[22m [34m[build][39m directory: [34mC:\Users\amits\SEOSites\paintingestimatepro\dist\[39m
[2m02:11:19[22m [34m[build][39m adapter: [32m@astrojs/vercel[39m
[2m02:11:19[22m [34m[build][39m Collecting build info...
[2m02:11:19[22m [34m[build][39m [32m✓ Completed in 228ms.[39m
[2m02:11:19[22m [34m[build][39m Building server entrypoints...
[2m02:11:20[22m [34m[vite][39m [32m✓ built in 438ms[39m
[2m02:11:20[22m [34m[vite][39m [32m✓ built in 134ms[39m
[2m02:11:20[22m [34m[vite][39m [32m✓ built in 129ms[39m

[42m[30m prerendering static routes [39m[49m
[2m02:11:20[22m   [34m├─[39m [2m/app/index.html[22m [2m(+15ms)[22m 
[2m02:11:20[22m   [34m├─[39m [2m/free/estimate-template/index.html[22m [2m(+21ms)[22m 
[2m02:11:20[22m   [34m├─[39m [2m/free/interior-calculator/index.html[22m [2m(+9ms)[22m 
[2m02:11:20[22m   [34m├─[39m [2m/free/job-cost-calculator/index.html[22m [2m(+7ms)[22m 
[2m02:11:20[22m   [34m├─[39m [2m/index.html[22m [2m(+9ms)[22m 
[2m02:11:20[22m [32m✓ Completed in 88ms.
[39m
[2m02:11:20[22m [34m[build][39m Rearranging server assets...
[2m02:11:20[22m [34m[build][39m [32m✓ Completed in 897ms.[39m
[2m02:11:20[22m [34m[@astrojs/vercel][39m Bundling function ..\..\server\entry.mjs
[2m02:11:23[22m [34m[build][39m Waiting for integration [1m"@astrojs/vercel"[22m, hook [1m"astro:build:done"[22m...
[2m02:11:25[22m [34m[@astrojs/sitemap][39m `sitemap-index.xml` created at `dist\client`
[2m02:11:25[22m [34m[@astrojs/vercel][39m Copying static files to .vercel/output/static
[2m02:11:25[22m [34m[build][39m Server built in [1m6.31s[22m
[2m02:11:25[22m [34m[build][39m [1mComplete![22m
BUILD_EXIT=0
