[2m04:49:55[22m [34m[types][39m Generated [2m117ms[22m
[2m04:49:55[22m [34m[build][39m output: [34m"static"[39m
[2m04:49:55[22m [34m[build][39m mode: [34m"server"[39m
[2m04:49:55[22m [34m[build][39m directory: [34mC:\Users\amits\SEOSites\paintingestimatepro\dist\[39m
[2m04:49:55[22m [34m[build][39m adapter: [32m@astrojs/vercel[39m
[2m04:49:55[22m [34m[build][39m Collecting build info...
[2m04:49:55[22m [34m[build][39m [32m✓ Completed in 331ms.[39m
[2m04:49:55[22m [34m[build][39m Building server entrypoints...
[2m04:49:56[22m [34m[vite][39m [32m✓ built in 682ms[39m
[2m04:49:56[22m [34m[vite][39m [32m✓ built in 208ms[39m
[2m04:49:56[22m [34m[vite][39m [32m✓ built in 192ms[39m

[42m[30m prerendering static routes [39m[49m
[2m04:49:57[22m   [34m├─[39m [2m/app/index.html[22m [2m(+19ms)[22m 
[2m04:49:57[22m   [34m├─[39m [2m/free/estimate-template/index.html[22m [2m(+23ms)[22m 
[2m04:49:57[22m   [34m├─[39m [2m/free/interior-calculator/index.html[22m [2m(+11ms)[22m 
[2m04:49:57[22m   [34m├─[39m [2m/free/job-cost-calculator/index.html[22m [2m(+10ms)[22m 
[2m04:49:57[22m   [34m├─[39m [2m/index.html[22m [2m(+11ms)[22m 
[2m04:49:57[22m [32m✓ Completed in 284ms.
[39m
[2m04:49:57[22m [34m[build][39m Rearranging server assets...
[2m04:49:57[22m [34m[build][39m [32m✓ Completed in 1.51s.[39m
[2m04:49:57[22m [34m[@astrojs/vercel][39m Bundling function ..\..\server\entry.mjs
[2m04:50:00[22m [34m[build][39m Waiting for integration [1m"@astrojs/vercel"[22m, hook [1m"astro:build:done"[22m...
[2m04:50:01[22m [34m[@astrojs/sitemap][39m `sitemap-index.xml` created at `dist\client`
[2m04:50:01[22m [34m[@astrojs/vercel][39m Copying static files to .vercel/output/static
[2m04:50:01[22m [34m[build][39m Server built in [1m5.96s[22m
[2m04:50:01[22m [34m[build][39m [1mComplete![22m
